// Jest Snapshot v1, https://goo.gl/fbAQLP

exports[`Footer should render correctly 1`] = `
<div
  className="login-footer"
>
  <img
    alt="TEACH LA"
    className="login-footer-image"
    src="tla-logo.svg"
  />
</div>
`;
