// Jest Snapshot v1, https://goo.gl/fbAQLP

exports[`LoadingPage handles undefined panelOpen snapshot 1`] = `ShallowWrapper {}`;

exports[`LoadingPage panelOpen=false snapshot 1`] = `ShallowWrapper {}`;

exports[`LoadingPage panelOpen=true snapshot 1`] = `ShallowWrapper {}`;
